[mozilla.github.io/nunjucks/index.html]
[backblue.gif]
[fade.gif]
[index.html]
[mozilla.github.io/nunjucks/bower_components/bootstrap/dist/css/bootstrap.min.css]
[mozilla.github.io/nunjucks/css/highlight.css]
[mozilla.github.io/nunjucks/css/app.css]
[mozilla.github.io/nunjucks/img/favicon.png]
[mozilla.github.io/nunjucks/getting-started.html]
[mozilla.github.io/nunjucks/api.html]
[mozilla.github.io/nunjucks/templating.html]
[mozilla.github.io/nunjucks/faq.html]
[mozilla.github.io/nunjucks/files/nunjucks.min.js]
[mozilla.github.io/nunjucks/files/nunjucks-slim.js]
[mozilla.github.io/nunjucks/files/nunjucks.js]
[mozilla.github.io/nunjucks/files/nunjucks-slim.min.js]
[mozilla.github.io/nunjucks/img/marketplace2x.png]
[mozilla.github.io/nunjucks/img/webmaker2x.png]
[mozilla.github.io/nunjucks/img/backbeam2x.png]
[mozilla.github.io/nunjucks/img/apostrophe2x.png]
[mozilla.github.io/nunjucks/bower_components/jquery/jquery.min.js]
[mozilla.github.io/nunjucks/bower_components/bootstrap/js/affix.js]
[mozilla.github.io/nunjucks/js/app.js]
[mozilla.github.io/nunjucks/js/subpage.js]
[mozilla.github.io/nunjucks/index.html]
[mozilla.github.io/nunjucks/bower_components/bootstrap/dist/fonts/glyphicons-halflings-regular.eot]
[mozilla.github.io/nunjucks/bower_components/bootstrap/dist/fonts/glyphicons-halflings-regulard41d.eot]
[mozilla.github.io/nunjucks/bower_components/bootstrap/dist/fonts/glyphicons-halflings-regular.woff]
[mozilla.github.io/nunjucks/bower_components/bootstrap/dist/fonts/glyphicons-halflings-regular.ttf]
[mozilla.github.io/nunjucks/bower_components/bootstrap/dist/css/bootstrap.min.css]
[mozilla.github.io/nunjucks/css/highlight.css]
[mozilla.github.io/nunjucks/bower_components/bootstrap/dist/fonts/glyphicons-halflings-regular.svg]
[mozilla.github.io/nunjucks/css/fonts/Sullivan-Fill.eot]
[mozilla.github.io/nunjucks/css/fonts/Sullivan-Fill.woff]
[mozilla.github.io/nunjucks/css/fonts/Sullivan-Fill.ttf]
[mozilla.github.io/nunjucks/css/fonts/Sullivan-Fill.svg]
[mozilla.github.io/nunjucks/css/app.css]
[mozilla.github.io/nunjucks/cn/getting-started.html]
[mozilla.github.io/nunjucks/getting-started.html]
[mozilla.github.io/nunjucks/fr/getting-started.html]
[mozilla.github.io/nunjucks/cn/templating.html]
[mozilla.github.io/nunjucks/fr/templating.html]
[mozilla.github.io/nunjucks/api-2.html]
[mozilla.github.io/nunjucks/templating.html]
[mozilla.github.io/nunjucks/cn/api.html]
[mozilla.github.io/nunjucks/fr/api.html]
[github.com/mozilla/nunjucks/blob/master/src/filters.html]
[github.com/mozilla/nunjucks/blob/master/src/jinja-compat.html]
[mozilla.github.io/nunjucks/templating-2.html]
[mozilla.github.io/nunjucks/api.html]
[github.com/mozilla/nunjucks/blob/master/src/parser.html]
[mozilla.github.io/nunjucks/cn/faq.html]
[mozilla.github.io/nunjucks/faq.html]
[mozilla.github.io/nunjucks/fr/faq.html]
[mozilla.github.io/nunjucks/bower_components/bootstrap/dist/fonts/glyphicons-halflings-regular.svg]
[mozilla.github.io/nunjucks/css/fonts/Sullivan-Fill.svg]
[mozilla.github.io/nunjucks/cn/files/nunjucks.js]
[mozilla.github.io/nunjucks/cn/files/nunjucks.min.js]
[mozilla.github.io/nunjucks/cn/files/nunjucks-slim.js]
[mozilla.github.io/nunjucks/cn/files/nunjucks-slim.min.js]
[mozilla.github.io/nunjucks/cn/getting-started.html]
[mozilla.github.io/nunjucks/fr/getting-started.html]
[mozilla.github.io/nunjucks/cn/templating.html]
[mozilla.github.io/nunjucks/cn/api-2.html]
[mozilla.github.io/nunjucks/fr/templating.html]
[mozilla.github.io/nunjucks/api-2.html]
[assets-cdn.github.com/assets/frameworks-a44e0bdd1666101af23963e4027cd7a0a1eea1339e0e7422524f2e7f3900e86b.css]
[assets-cdn.github.com/assets/github-ac9c637b29122a4699fcd4d205b2d09efa4d4962d369158f7d907123061143f1.css]
[assets-cdn.github.com/assets/site-a1797477c6773085524735a03e97c502b07acafa1b95efd6cda07775c7bb7105.css]
[github.com/fluidicon.png]
[github.com/apple-touch-icon.png]
[github.com/apple-touch-icon-57x57.png]
[github.com/apple-touch-icon-60x60.png]
[github.com/apple-touch-icon-72x72.png]
[github.com/apple-touch-icon-76x76.png]
[github.com/apple-touch-icon-114x114.png]
[github.com/apple-touch-icon-120x120.png]
[github.com/apple-touch-icon-144x144.png]
[github.com/apple-touch-icon-152x152.png]
[github.com/apple-touch-icon-180x180.png]
[github.com/windows-tile.png]
[github.com/login663a.html]
[github.com/mozilla/nunjucks/blob/ad3bef6b3f804b4edeba781548efb5e64421e214/src/filters.html]
[github.com/mozilla/nunjucks/blob/gh-pages/src/filters.40.delayed]
[github.com/mozilla/nunjucks/blob/v3.0.0/src/filters.html]
[github.com/mozilla/nunjucks/blob/v2.5.2/src/filters.html]
[github.com/mozilla/nunjucks/blob/v2.5.1/src/filters.html]
[github.com/mozilla/nunjucks/blob/v2.5.0/src/filters.html]
[github.com/mozilla/nunjucks/blob/v2.4.3/src/filters.html]
[github.com/mozilla/nunjucks/blob/v2.4.1/src/filters.html]
[github.com/mozilla/nunjucks/blob/v2.4.0/src/filters.html]
[github.com/mozilla/nunjucks/blob/v2.4.2/src/filters.html]
[github.com/mozilla/nunjucks/blob/v2.3.0/src/filters.html]
[github.com/mozilla/nunjucks/blob/v2.2.0/src/filters.html]
[github.com/mozilla/nunjucks/blob/v2.1.0/src/filters.html]
[github.com/mozilla/nunjucks/blob/v2.0.0/src/filters.html]
[github.com/mozilla/nunjucks/blob/v1.3.4/src/filters.html]
[github.com/mozilla/nunjucks/blob/v1.3.3/src/filters.html]
[github.com/mozilla/nunjucks/blob/v1.3.2/src/filters.html]
[github.com/mozilla/nunjucks/blob/v.1.3.1/src/filters.html]
[github.com/mozilla/nunjucks/blob/v1.3.0/src/filters.html]
[github.com/mozilla/nunjucks/blob/v1.2.0/src/filters.html]
[github.com/mozilla/nunjucks/blob/v1.1.0/src/filters.html]
[github.com/mozilla/nunjucks/blob/v1.0.7/src/filters.html]
[github.com/mozilla/nunjucks/blob/v1.0.6/src/filters.html]
[github.com/mozilla/nunjucks/blob/v1.0.5/src/filters.html]
[github.com/mozilla/nunjucks/blob/v1.0.2/src/filters.html]
[github.com/mozilla/nunjucks/blob/v1.0.4/src/filters.html]
[github.com/mozilla/nunjucks/blob/v1.0.1/src/filters.html]
[github.com/mozilla/nunjucks/blob/v1.0.0/src/filters.html]
[github.com/mozilla/nunjucks/blob/v0.1.10/src/filters.html]
[github.com/mozilla/nunjucks/blob/v0.1.9/src/filters.html]
[github.com/mozilla/nunjucks/blob/v0.1.8/src/filters.html]
[github.com/mozilla/nunjucks/blob/v0.1.7/src/filters.html]
[github.com/mozilla/nunjucks/blob/v0.1.6/src/filters.html]
[github.com/mozilla/nunjucks/blob/v0.1.5/src/filters.html]
[github.com/mozilla/nunjucks/blob/v0.1.4/src/filters.html]
[github.com/mozilla/nunjucks/blob/v0.1.2/src/filters.html]
[github.com/mozilla/nunjucks/blob/v0.1.1/src/filters.html]
[github.com/mozilla/nunjucks/blob/v0.1.0/src/filters.html]
[github.com/mozilla/nunjucks/blob/2.5.0/src/filters.html]
[github.com/mozilla/nunjucks/blob/2.4.3/src/filters.html]
[github.com/mozilla/nunjucks/blob/1.3.4/src/filters.html]
[github.com/mozilla/nunjucks/commits/master/src/filtersf673.html]
[github.com/mozilla/nunjucks/commits/master/src/filtersb9d0.html]
[github.com/mozilla/nunjucks/commits/master/src/filters975f.html]
[github.com/mozilla/nunjucks/commits/master/src/filters7a09.html]
[github.com/mozilla/nunjucks/commits/master/src/filtersc71e.html]
[github.com/mozilla/nunjucks/commits/master/src/filtersd878.html]
[github.com/mozilla/nunjucks/commits/master/src/filters1262.html]
[github.com/mozilla/nunjucks/commits/master/src/filters7c88.html]
[github.com/mozilla/nunjucks/commits/master/src/filters6c70.html]
[github.com/mozilla/nunjucks/commits/master/src/filters6d7b.html]
[github.com/mozilla/nunjucks/commits/master/src/filtersa7d0.html]
[github.com/mozilla/nunjucks/commits/master/src/filters379c.html]
[github.com/mozilla/nunjucks/commits/master/src/filterse6b2.html]
[github.com/mozilla/nunjucks/commits/master/src/filters8dc3.html]
[github.com/mozilla/nunjucks/commits/master/src/filtersfbbb.html]
[github.com/mozilla/nunjucks/commits/master/src/filterse830.html]
[github.com/mozilla/nunjucks/commits/master/src/filtersd6f5.html]
[github.com/mozilla/nunjucks/commits/master/src/filters3e42.html]
[github.com/mozilla/nunjucks/commits/master/src/filters18e6.html]
[github.com/mozilla/nunjucks/commits/master/src/filtersac1e.html]
[github.com/mozilla/nunjucks/commits/master/src/filtersb833.html]
[github.com/mozilla/nunjucks/commits/master/src/filtersd601.html]
[github.com/mozilla/nunjucks/commits/master/src/filtersd2d8.html]
[github.com/mozilla/nunjucks/commits/master/src/filters3e19.html]
[github.com/mozilla/nunjucks/commits/master/src/filters9e03.html]
[github.com/mozilla/nunjucks/commits/master/src/filtersd3e9.html]
[raw.githubusercontent.com/mozilla/nunjucks/master/src/filters.js]
[github.com/mozilla/nunjucks/commits/master/src/filters.html]
[assets-cdn.github.com/assets/compat-8e19569aacd39e737a14c8515582825f3c90d1794c0e5539f9b525b8eb8b5a8e.js]
[github.com/mozilla/nunjucks/blame/master/src/filters.html]
[github.com/mozilla/nunjucks/blob/master/src/filters.html]
[assets-cdn.github.com/assets/frameworks-44ae517d6facdc7480be70913e6d4abb86971b42006cf0f0dd6597b480cc272f.js]
[assets-cdn.github.com/assets/github-fcf0dcdefd5725b9296833fb332eb3a6aed11d90a7b45a59cddccd0b7eca205d.js]
[mozilla.github.io/nunjucks/cn/api.html]
[mozilla.github.io/nunjucks/fr/api.html]
[mozilla.github.io/nunjucks/cn/templating-2.html]
[github.com/login9099.html]
[github.com/mozilla/nunjucks/blob/ad3bef6b3f804b4edeba781548efb5e64421e214/src/jinja-compat.html]
[github.com/mozilla/nunjucks/blob/gh-pages/src/jinja-compat.b3.delayed]
[github.com/mozilla/nunjucks/blob/v3.0.0/src/jinja-compat.html]
[github.com/mozilla/nunjucks/blob/v2.5.2/src/jinja-compat.html]
[github.com/mozilla/nunjucks/blob/v2.5.0/src/jinja-compat.html]
[github.com/mozilla/nunjucks/blob/v2.5.1/src/jinja-compat.html]
[github.com/mozilla/nunjucks/blob/v2.4.3/src/jinja-compat.html]
[github.com/mozilla/nunjucks/blob/v2.4.2/src/jinja-compat.html]
[github.com/mozilla/nunjucks/blob/master/src/jinja-compat.html]
[mozilla.github.io/nunjucks/templating-2.html]
[github.com/mozilla/nunjucks/blob/v2.4.1/src/jinja-compat.html]
[github.com/mozilla/nunjucks/blob/master/src/parser.html]
[mozilla.github.io/nunjucks/cn/faq.html]
[mozilla.github.io/nunjucks/fr/faq.html]
[mozilla.github.io/nunjucks/cn/files/nunjucks.html]
[mozilla.github.io/nunjucks/cn/files/nunjucks.min.html]
[mozilla.github.io/nunjucks/cn/files/nunjucks-slim.html]
[mozilla.github.io/nunjucks/cn/files/nunjucks-slim.min.html]
[mozilla.github.io/nunjucks/cn/api-2.html]
[assets-cdn.github.com/assets/frameworks-a44e0bdd1666101af23963e4027cd7a0a1eea1339e0e7422524f2e7f3900e86b.css]
[assets-cdn.github.com/assets/github-ac9c637b29122a4699fcd4d205b2d09efa4d4962d369158f7d907123061143f1.css]
[assets-cdn.github.com/assets/site-a1797477c6773085524735a03e97c502b07acafa1b95efd6cda07775c7bb7105.css]
[github.com/login663a.html]
